Archive member included to satisfy reference by file (symbol)

c:/program files (x86)/atmel/studio/7.0/toolchain/avr8/avr8-gnu-toolchain/bin/../lib/gcc/avr/5.4.0/avr6\libgcc.a(_divmodhi4.o)
                              lcd162_Partly.o (__divmodhi4)
c:/program files (x86)/atmel/studio/7.0/toolchain/avr8/avr8-gnu-toolchain/bin/../lib/gcc/avr/5.4.0/avr6\libgcc.a(_exit.o)
                              C:/Program Files (x86)/Atmel/Studio/7.0/Packs/atmel/ATmega_DFP/1.7.374/gcc/dev/atmega2560/avr6/crtatmega2560.o (exit)
c:/program files (x86)/atmel/studio/7.0/toolchain/avr8/avr8-gnu-toolchain/bin/../lib/gcc/avr/5.4.0/avr6\libgcc.a(_copy_data.o)
                              LCD_Test.o (__do_copy_data)
c:/program files (x86)/atmel/studio/7.0/toolchain/avr8/avr8-gnu-toolchain/bin/../lib/gcc/avr/5.4.0/avr6\libgcc.a(_udivmodhi4.o)
                              c:/program files (x86)/atmel/studio/7.0/toolchain/avr8/avr8-gnu-toolchain/bin/../lib/gcc/avr/5.4.0/avr6\libgcc.a(_divmodhi4.o) (__udivmodhi4)

Discarded input sections

 .data          0x00000000        0x0 C:/Program Files (x86)/Atmel/Studio/7.0/Packs/atmel/ATmega_DFP/1.7.374/gcc/dev/atmega2560/avr6/crtatmega2560.o
 .bss           0x00000000        0x0 C:/Program Files (x86)/Atmel/Studio/7.0/Packs/atmel/ATmega_DFP/1.7.374/gcc/dev/atmega2560/avr6/crtatmega2560.o
 .text          0x00000000        0x0 adc_control.o
 .data          0x00000000        0x0 adc_control.o
 .bss           0x00000000        0x0 adc_control.o
 .text.check_value
                0x00000000       0x2c adc_control.o
 .text          0x00000000        0x0 lcd162_Partly.o
 .data          0x00000000        0x0 lcd162_Partly.o
 .bss           0x00000000        0x0 lcd162_Partly.o
 .text.LCDLoadUDC
                0x00000000        0x2 lcd162_Partly.o
 .text.LCDCursorLeft
                0x00000000        0x2 lcd162_Partly.o
 .text.LCDShiftLeft
                0x00000000        0x2 lcd162_Partly.o
 .text.LCDShiftRight
                0x00000000        0x2 lcd162_Partly.o
 .text.setBacklight
                0x00000000        0x2 lcd162_Partly.o
 .text.readKeys
                0x00000000        0x2 lcd162_Partly.o
 .text          0x00000000        0x0 LCD_Test.o
 .data          0x00000000        0x0 LCD_Test.o
 .bss           0x00000000        0x0 LCD_Test.o
 .rodata.str1.1
                0x00000000       0x21 LCD_Test.o
 .text.summmain
                0x00000000      0x2a4 LCD_Test.o
 .rodata.minor_aa
                0x00000000        0x8 LCD_Test.o
 .rodata.minor_oe
                0x00000000        0x8 LCD_Test.o
 .rodata.minor_ae
                0x00000000        0x8 LCD_Test.o
 .rodata.capital_aa
                0x00000000        0x8 LCD_Test.o
 .rodata.capital_oe
                0x00000000        0x8 LCD_Test.o
 .rodata.capital_ae
                0x00000000        0x8 LCD_Test.o
 .debug_info    0x00000000      0x978 LCD_Test.o
 .debug_abbrev  0x00000000      0x13c LCD_Test.o
 .debug_loc     0x00000000      0x478 LCD_Test.o
 .debug_aranges
                0x00000000       0x20 LCD_Test.o
 .debug_ranges  0x00000000       0x10 LCD_Test.o
 .debug_line    0x00000000      0x31f LCD_Test.o
 .debug_str     0x00000000      0x2d8 LCD_Test.o
 .comment       0x00000000       0x31 LCD_Test.o
 .debug_frame   0x00000000       0x34 LCD_Test.o
 .text          0x00000000        0x0 my_test.o
 .data          0x00000000        0x0 my_test.o
 .bss           0x00000000        0x0 my_test.o
 .text.showLove
                0x00000000       0x92 my_test.o
 .text.beNiceToMyGf
                0x00000000       0x5a my_test.o
 .text          0x00000000        0x0 timer_control.o
 .data          0x00000000        0x0 timer_control.o
 .bss           0x00000000        0x0 timer_control.o
 .text.init_timer
                0x00000000        0x6 timer_control.o
 .text.start_timer
                0x00000000        0x2 timer_control.o
 .text.stop_timer
                0x00000000        0x6 timer_control.o
 .debug_info    0x00000000       0xcf timer_control.o
 .debug_abbrev  0x00000000       0x78 timer_control.o
 .debug_aranges
                0x00000000       0x30 timer_control.o
 .debug_ranges  0x00000000       0x20 timer_control.o
 .debug_line    0x00000000       0xd0 timer_control.o
 .debug_str     0x00000000      0x1c5 timer_control.o
 .comment       0x00000000       0x31 timer_control.o
 .debug_frame   0x00000000       0x44 timer_control.o
 .text          0x00000000        0x0 c:/program files (x86)/atmel/studio/7.0/toolchain/avr8/avr8-gnu-toolchain/bin/../lib/gcc/avr/5.4.0/avr6\libgcc.a(_divmodhi4.o)
 .data          0x00000000        0x0 c:/program files (x86)/atmel/studio/7.0/toolchain/avr8/avr8-gnu-toolchain/bin/../lib/gcc/avr/5.4.0/avr6\libgcc.a(_divmodhi4.o)
 .bss           0x00000000        0x0 c:/program files (x86)/atmel/studio/7.0/toolchain/avr8/avr8-gnu-toolchain/bin/../lib/gcc/avr/5.4.0/avr6\libgcc.a(_divmodhi4.o)
 .text.libgcc.mul
                0x00000000        0x0 c:/program files (x86)/atmel/studio/7.0/toolchain/avr8/avr8-gnu-toolchain/bin/../lib/gcc/avr/5.4.0/avr6\libgcc.a(_divmodhi4.o)
 .text.libgcc   0x00000000        0x0 c:/program files (x86)/atmel/studio/7.0/toolchain/avr8/avr8-gnu-toolchain/bin/../lib/gcc/avr/5.4.0/avr6\libgcc.a(_divmodhi4.o)
 .text.libgcc.prologue
                0x00000000        0x0 c:/program files (x86)/atmel/studio/7.0/toolchain/avr8/avr8-gnu-toolchain/bin/../lib/gcc/avr/5.4.0/avr6\libgcc.a(_divmodhi4.o)
 .text.libgcc.builtins
                0x00000000        0x0 c:/program files (x86)/atmel/studio/7.0/toolchain/avr8/avr8-gnu-toolchain/bin/../lib/gcc/avr/5.4.0/avr6\libgcc.a(_divmodhi4.o)
 .text.libgcc.fmul
                0x00000000        0x0 c:/program files (x86)/atmel/studio/7.0/toolchain/avr8/avr8-gnu-toolchain/bin/../lib/gcc/avr/5.4.0/avr6\libgcc.a(_divmodhi4.o)
 .text.libgcc.fixed
                0x00000000        0x0 c:/program files (x86)/atmel/studio/7.0/toolchain/avr8/avr8-gnu-toolchain/bin/../lib/gcc/avr/5.4.0/avr6\libgcc.a(_divmodhi4.o)
 .text          0x00000000        0x0 c:/program files (x86)/atmel/studio/7.0/toolchain/avr8/avr8-gnu-toolchain/bin/../lib/gcc/avr/5.4.0/avr6\libgcc.a(_exit.o)
 .data          0x00000000        0x0 c:/program files (x86)/atmel/studio/7.0/toolchain/avr8/avr8-gnu-toolchain/bin/../lib/gcc/avr/5.4.0/avr6\libgcc.a(_exit.o)
 .bss           0x00000000        0x0 c:/program files (x86)/atmel/studio/7.0/toolchain/avr8/avr8-gnu-toolchain/bin/../lib/gcc/avr/5.4.0/avr6\libgcc.a(_exit.o)
 .text.libgcc.mul
                0x00000000        0x0 c:/program files (x86)/atmel/studio/7.0/toolchain/avr8/avr8-gnu-toolchain/bin/../lib/gcc/avr/5.4.0/avr6\libgcc.a(_exit.o)
 .text.libgcc.div
                0x00000000        0x0 c:/program files (x86)/atmel/studio/7.0/toolchain/avr8/avr8-gnu-toolchain/bin/../lib/gcc/avr/5.4.0/avr6\libgcc.a(_exit.o)
 .text.libgcc   0x00000000        0x0 c:/program files (x86)/atmel/studio/7.0/toolchain/avr8/avr8-gnu-toolchain/bin/../lib/gcc/avr/5.4.0/avr6\libgcc.a(_exit.o)
 .text.libgcc.prologue
                0x00000000        0x0 c:/program files (x86)/atmel/studio/7.0/toolchain/avr8/avr8-gnu-toolchain/bin/../lib/gcc/avr/5.4.0/avr6\libgcc.a(_exit.o)
 .text.libgcc.builtins
                0x00000000        0x0 c:/program files (x86)/atmel/studio/7.0/toolchain/avr8/avr8-gnu-toolchain/bin/../lib/gcc/avr/5.4.0/avr6\libgcc.a(_exit.o)
 .text.libgcc.fmul
                0x00000000        0x0 c:/program files (x86)/atmel/studio/7.0/toolchain/avr8/avr8-gnu-toolchain/bin/../lib/gcc/avr/5.4.0/avr6\libgcc.a(_exit.o)
 .text.libgcc.fixed
                0x00000000        0x0 c:/program files (x86)/atmel/studio/7.0/toolchain/avr8/avr8-gnu-toolchain/bin/../lib/gcc/avr/5.4.0/avr6\libgcc.a(_exit.o)
 .text          0x00000000        0x0 c:/program files (x86)/atmel/studio/7.0/toolchain/avr8/avr8-gnu-toolchain/bin/../lib/gcc/avr/5.4.0/avr6\libgcc.a(_copy_data.o)
 .data          0x00000000        0x0 c:/program files (x86)/atmel/studio/7.0/toolchain/avr8/avr8-gnu-toolchain/bin/../lib/gcc/avr/5.4.0/avr6\libgcc.a(_copy_data.o)
 .bss           0x00000000        0x0 c:/program files (x86)/atmel/studio/7.0/toolchain/avr8/avr8-gnu-toolchain/bin/../lib/gcc/avr/5.4.0/avr6\libgcc.a(_copy_data.o)
 .text.libgcc.mul
                0x00000000        0x0 c:/program files (x86)/atmel/studio/7.0/toolchain/avr8/avr8-gnu-toolchain/bin/../lib/gcc/avr/5.4.0/avr6\libgcc.a(_copy_data.o)
 .text.libgcc.div
                0x00000000        0x0 c:/program files (x86)/atmel/studio/7.0/toolchain/avr8/avr8-gnu-toolchain/bin/../lib/gcc/avr/5.4.0/avr6\libgcc.a(_copy_data.o)
 .text.libgcc   0x00000000        0x0 c:/program files (x86)/atmel/studio/7.0/toolchain/avr8/avr8-gnu-toolchain/bin/../lib/gcc/avr/5.4.0/avr6\libgcc.a(_copy_data.o)
 .text.libgcc.prologue
                0x00000000        0x0 c:/program files (x86)/atmel/studio/7.0/toolchain/avr8/avr8-gnu-toolchain/bin/../lib/gcc/avr/5.4.0/avr6\libgcc.a(_copy_data.o)
 .text.libgcc.builtins
                0x00000000        0x0 c:/program files (x86)/atmel/studio/7.0/toolchain/avr8/avr8-gnu-toolchain/bin/../lib/gcc/avr/5.4.0/avr6\libgcc.a(_copy_data.o)
 .text.libgcc.fmul
                0x00000000        0x0 c:/program files (x86)/atmel/studio/7.0/toolchain/avr8/avr8-gnu-toolchain/bin/../lib/gcc/avr/5.4.0/avr6\libgcc.a(_copy_data.o)
 .text.libgcc.fixed
                0x00000000        0x0 c:/program files (x86)/atmel/studio/7.0/toolchain/avr8/avr8-gnu-toolchain/bin/../lib/gcc/avr/5.4.0/avr6\libgcc.a(_copy_data.o)
 .text          0x00000000        0x0 c:/program files (x86)/atmel/studio/7.0/toolchain/avr8/avr8-gnu-toolchain/bin/../lib/gcc/avr/5.4.0/avr6\libgcc.a(_udivmodhi4.o)
 .data          0x00000000        0x0 c:/program files (x86)/atmel/studio/7.0/toolchain/avr8/avr8-gnu-toolchain/bin/../lib/gcc/avr/5.4.0/avr6\libgcc.a(_udivmodhi4.o)
 .bss           0x00000000        0x0 c:/program files (x86)/atmel/studio/7.0/toolchain/avr8/avr8-gnu-toolchain/bin/../lib/gcc/avr/5.4.0/avr6\libgcc.a(_udivmodhi4.o)
 .text.libgcc.mul
                0x00000000        0x0 c:/program files (x86)/atmel/studio/7.0/toolchain/avr8/avr8-gnu-toolchain/bin/../lib/gcc/avr/5.4.0/avr6\libgcc.a(_udivmodhi4.o)
 .text.libgcc   0x00000000        0x0 c:/program files (x86)/atmel/studio/7.0/toolchain/avr8/avr8-gnu-toolchain/bin/../lib/gcc/avr/5.4.0/avr6\libgcc.a(_udivmodhi4.o)
 .text.libgcc.prologue
                0x00000000        0x0 c:/program files (x86)/atmel/studio/7.0/toolchain/avr8/avr8-gnu-toolchain/bin/../lib/gcc/avr/5.4.0/avr6\libgcc.a(_udivmodhi4.o)
 .text.libgcc.builtins
                0x00000000        0x0 c:/program files (x86)/atmel/studio/7.0/toolchain/avr8/avr8-gnu-toolchain/bin/../lib/gcc/avr/5.4.0/avr6\libgcc.a(_udivmodhi4.o)
 .text.libgcc.fmul
                0x00000000        0x0 c:/program files (x86)/atmel/studio/7.0/toolchain/avr8/avr8-gnu-toolchain/bin/../lib/gcc/avr/5.4.0/avr6\libgcc.a(_udivmodhi4.o)
 .text.libgcc.fixed
                0x00000000        0x0 c:/program files (x86)/atmel/studio/7.0/toolchain/avr8/avr8-gnu-toolchain/bin/../lib/gcc/avr/5.4.0/avr6\libgcc.a(_udivmodhi4.o)

Memory Configuration

Name             Origin             Length             Attributes
text             0x00000000         0x00040000         xr
data             0x00800200         0x00002000         rw !x
eeprom           0x00810000         0x00001000         rw !x
fuse             0x00820000         0x00000003         rw !x
lock             0x00830000         0x00000400         rw !x
signature        0x00840000         0x00000400         rw !x
user_signatures  0x00850000         0x00000400         rw !x
*default*        0x00000000         0xffffffff

Linker script and memory map

Address of section .data set to 0x800200
LOAD C:/Program Files (x86)/Atmel/Studio/7.0/Packs/atmel/ATmega_DFP/1.7.374/gcc/dev/atmega2560/avr6/crtatmega2560.o
LOAD adc_control.o
LOAD lcd162_Partly.o
LOAD LCD_Test.o
LOAD my_test.o
LOAD timer_control.o
START GROUP
LOAD c:/program files (x86)/atmel/studio/7.0/toolchain/avr8/avr8-gnu-toolchain/bin/../lib/gcc/avr/5.4.0/../../../../avr/lib/avr6\libm.a
END GROUP
START GROUP
LOAD c:/program files (x86)/atmel/studio/7.0/toolchain/avr8/avr8-gnu-toolchain/bin/../lib/gcc/avr/5.4.0/avr6\libgcc.a
LOAD c:/program files (x86)/atmel/studio/7.0/toolchain/avr8/avr8-gnu-toolchain/bin/../lib/gcc/avr/5.4.0/../../../../avr/lib/avr6\libm.a
LOAD c:/program files (x86)/atmel/studio/7.0/toolchain/avr8/avr8-gnu-toolchain/bin/../lib/gcc/avr/5.4.0/../../../../avr/lib/avr6\libc.a
LOAD C:/Program Files (x86)/Atmel/Studio/7.0/Packs/atmel/ATmega_DFP/1.7.374/gcc/dev/atmega2560/avr6\libatmega2560.a
END GROUP
                0x00000000                __TEXT_REGION_ORIGIN__ = DEFINED (__TEXT_REGION_ORIGIN__)?__TEXT_REGION_ORIGIN__:0x0
                [0x00800200]                __DATA_REGION_ORIGIN__ = DEFINED (__DATA_REGION_ORIGIN__)?__DATA_REGION_ORIGIN__:0x800200
                [0x00040000]                __TEXT_REGION_LENGTH__ = DEFINED (__TEXT_REGION_LENGTH__)?__TEXT_REGION_LENGTH__:0x100000
                [0x00002000]                __DATA_REGION_LENGTH__ = DEFINED (__DATA_REGION_LENGTH__)?__DATA_REGION_LENGTH__:0xfe00
                [0x00001000]                __EEPROM_REGION_LENGTH__ = DEFINED (__EEPROM_REGION_LENGTH__)?__EEPROM_REGION_LENGTH__:0x10000
                [0x00000003]                __FUSE_REGION_LENGTH__ = DEFINED (__FUSE_REGION_LENGTH__)?__FUSE_REGION_LENGTH__:0x400
                0x00000400                __LOCK_REGION_LENGTH__ = DEFINED (__LOCK_REGION_LENGTH__)?__LOCK_REGION_LENGTH__:0x400
                0x00000400                __SIGNATURE_REGION_LENGTH__ = DEFINED (__SIGNATURE_REGION_LENGTH__)?__SIGNATURE_REGION_LENGTH__:0x400
                0x00000400                __USER_SIGNATURE_REGION_LENGTH__ = DEFINED (__USER_SIGNATURE_REGION_LENGTH__)?__USER_SIGNATURE_REGION_LENGTH__:0x400

.hash
 *(.hash)

.dynsym
 *(.dynsym)

.dynstr
 *(.dynstr)

.gnu.version
 *(.gnu.version)

.gnu.version_d
 *(.gnu.version_d)

.gnu.version_r
 *(.gnu.version_r)

.rel.init
 *(.rel.init)

.rela.init
 *(.rela.init)

.rel.text
 *(.rel.text)
 *(.rel.text.*)
 *(.rel.gnu.linkonce.t*)

.rela.text
 *(.rela.text)
 *(.rela.text.*)
 *(.rela.gnu.linkonce.t*)

.rel.fini
 *(.rel.fini)

.rela.fini
 *(.rela.fini)

.rel.rodata
 *(.rel.rodata)
 *(.rel.rodata.*)
 *(.rel.gnu.linkonce.r*)

.rela.rodata
 *(.rela.rodata)
 *(.rela.rodata.*)
 *(.rela.gnu.linkonce.r*)

.rel.data
 *(.rel.data)
 *(.rel.data.*)
 *(.rel.gnu.linkonce.d*)

.rela.data
 *(.rela.data)
 *(.rela.data.*)
 *(.rela.gnu.linkonce.d*)

.rel.ctors
 *(.rel.ctors)

.rela.ctors
 *(.rela.ctors)

.rel.dtors
 *(.rel.dtors)

.rela.dtors
 *(.rela.dtors)

.rel.got
 *(.rel.got)

.rela.got
 *(.rela.got)

.rel.bss
 *(.rel.bss)

.rela.bss
 *(.rela.bss)

.rel.plt
 *(.rel.plt)

.rela.plt
 *(.rela.plt)

.text           0x00000000      0x526
 *(.vectors)
 .vectors       0x00000000       0xe4 C:/Program Files (x86)/Atmel/Studio/7.0/Packs/atmel/ATmega_DFP/1.7.374/gcc/dev/atmega2560/avr6/crtatmega2560.o
                0x00000000                __vector_default
                0x00000000                __vectors
 *(.vectors)
 *(.progmem.gcc*)
                0x000000e4                . = ALIGN (0x2)
                0x000000e4                __trampolines_start = .
 *(.trampolines)
 .trampolines   0x000000e4        0x0 linker stubs
 *(.trampolines*)
                0x000000e4                __trampolines_end = .
 *libprintf_flt.a:*(.progmem.data)
 *libc.a:*(.progmem.data)
 *(.progmem*)
                0x000000e4                . = ALIGN (0x2)
 *(.jumptables)
 *(.jumptables*)
 *(.lowtext)
 *(.lowtext*)
                0x000000e4                __ctors_start = .
 *(.ctors)
                0x000000e4                __ctors_end = .
                0x000000e4                __dtors_start = .
 *(.dtors)
                0x000000e4                __dtors_end = .
 SORT(*)(.ctors)
 SORT(*)(.dtors)
 *(.init0)
 .init0         0x000000e4        0x0 C:/Program Files (x86)/Atmel/Studio/7.0/Packs/atmel/ATmega_DFP/1.7.374/gcc/dev/atmega2560/avr6/crtatmega2560.o
                0x000000e4                __init
 *(.init0)
 *(.init1)
 *(.init1)
 *(.init2)
 .init2         0x000000e4       0x10 C:/Program Files (x86)/Atmel/Studio/7.0/Packs/atmel/ATmega_DFP/1.7.374/gcc/dev/atmega2560/avr6/crtatmega2560.o
 *(.init2)
 *(.init3)
 *(.init3)
 *(.init4)
 .init4         0x000000f4       0x1a c:/program files (x86)/atmel/studio/7.0/toolchain/avr8/avr8-gnu-toolchain/bin/../lib/gcc/avr/5.4.0/avr6\libgcc.a(_copy_data.o)
                0x000000f4                __do_copy_data
 *(.init4)
 *(.init5)
 *(.init5)
 *(.init6)
 *(.init6)
 *(.init7)
 *(.init7)
 *(.init8)
 *(.init8)
 *(.init9)
 .init9         0x0000010e        0x4 C:/Program Files (x86)/Atmel/Studio/7.0/Packs/atmel/ATmega_DFP/1.7.374/gcc/dev/atmega2560/avr6/crtatmega2560.o
 *(.init9)
 *(.text)
 .text          0x00000112        0x2 C:/Program Files (x86)/Atmel/Studio/7.0/Packs/atmel/ATmega_DFP/1.7.374/gcc/dev/atmega2560/avr6/crtatmega2560.o
                0x00000112                __vector_38
                0x00000112                __vector_22
                0x00000112                __vector_28
                0x00000112                __vector_1
                0x00000112                __vector_32
                0x00000112                __vector_34
                0x00000112                __vector_24
                0x00000112                __vector_12
                0x00000112                __vector_55
                0x00000112                __vector_46
                0x00000112                __bad_interrupt
                0x00000112                __vector_6
                0x00000112                __vector_31
                0x00000112                __vector_35
                0x00000112                __vector_39
                0x00000112                __vector_3
                0x00000112                __vector_23
                0x00000112                __vector_30
                0x00000112                __vector_45
                0x00000112                __vector_25
                0x00000112                __vector_11
                0x00000112                __vector_54
                0x00000112                __vector_13
                0x00000112                __vector_17
                0x00000112                __vector_19
                0x00000112                __vector_56
                0x00000112                __vector_7
                0x00000112                __vector_49
                0x00000112                __vector_41
                0x00000112                __vector_43
                0x00000112                __vector_27
                0x00000112                __vector_5
                0x00000112                __vector_33
                0x00000112                __vector_47
                0x00000112                __vector_52
                0x00000112                __vector_37
                0x00000112                __vector_4
                0x00000112                __vector_44
                0x00000112                __vector_51
                0x00000112                __vector_9
                0x00000112                __vector_2
                0x00000112                __vector_21
                0x00000112                __vector_15
                0x00000112                __vector_36
                0x00000112                __vector_29
                0x00000112                __vector_40
                0x00000112                __vector_8
                0x00000112                __vector_26
                0x00000112                __vector_48
                0x00000112                __vector_14
                0x00000112                __vector_53
                0x00000112                __vector_10
                0x00000112                __vector_50
                0x00000112                __vector_16
                0x00000112                __vector_18
                0x00000112                __vector_20
                0x00000112                __vector_42
                0x00000114                . = ALIGN (0x2)
 *(.text.*)
 .text.init_adc
                0x00000114       0x16 adc_control.o
                0x00000114                init_adc
 .text.adc_read_single
                0x0000012a       0x1a adc_control.o
                0x0000012a                adc_read_single
 .text.pulse_E  0x00000144       0x2a lcd162_Partly.o
 .text.set4DataPins
                0x0000016e       0x48 lcd162_Partly.o
 .text.sendData
                0x000001b6       0x28 lcd162_Partly.o
 .text.sendInstruction
                0x000001de       0x3e lcd162_Partly.o
 .text.LCDInit  0x0000021c       0x68 lcd162_Partly.o
                0x0000021c                LCDInit
 .text.LCDClear
                0x00000284       0x12 lcd162_Partly.o
                0x00000284                LCDClear
 .text.LCDGotoXY
                0x00000296       0x16 lcd162_Partly.o
                0x00000296                LCDGotoXY
 .text.LCDDispChar
                0x000002ac        0x4 lcd162_Partly.o
                0x000002ac                LCDDispChar
 .text.LCDDispString
                0x000002b0       0x2c lcd162_Partly.o
                0x000002b0                LCDDispString
 .text.LCDDispInteger
                0x000002dc      0x102 lcd162_Partly.o
                0x000002dc                LCDDispInteger
 .text.LCDOnOffControl
                0x000003de       0x1e lcd162_Partly.o
                0x000003de                LCDOnOffControl
 .text.LCDCursorRight
                0x000003fc        0x6 lcd162_Partly.o
                0x000003fc                LCDCursorRight
 .text.measure_velocity
                0x00000402       0x60 my_test.o
                0x00000402                measure_velocity
 .text.main     0x00000462       0x72 my_test.o
                0x00000462                main
 .text.libgcc.div
                0x000004d4       0x26 c:/program files (x86)/atmel/studio/7.0/toolchain/avr8/avr8-gnu-toolchain/bin/../lib/gcc/avr/5.4.0/avr6\libgcc.a(_divmodhi4.o)
                0x000004d4                _div
                0x000004d4                __divmodhi4
 .text.libgcc.div
                0x000004fa       0x28 c:/program files (x86)/atmel/studio/7.0/toolchain/avr8/avr8-gnu-toolchain/bin/../lib/gcc/avr/5.4.0/avr6\libgcc.a(_udivmodhi4.o)
                0x000004fa                __udivmodhi4
                0x00000522                . = ALIGN (0x2)
 *(.fini9)
 .fini9         0x00000522        0x0 c:/program files (x86)/atmel/studio/7.0/toolchain/avr8/avr8-gnu-toolchain/bin/../lib/gcc/avr/5.4.0/avr6\libgcc.a(_exit.o)
                0x00000522                _exit
                0x00000522                exit
 *(.fini9)
 *(.fini8)
 *(.fini8)
 *(.fini7)
 *(.fini7)
 *(.fini6)
 *(.fini6)
 *(.fini5)
 *(.fini5)
 *(.fini4)
 *(.fini4)
 *(.fini3)
 *(.fini3)
 *(.fini2)
 *(.fini2)
 *(.fini1)
 *(.fini1)
 *(.fini0)
 .fini0         0x00000522        0x4 c:/program files (x86)/atmel/studio/7.0/toolchain/avr8/avr8-gnu-toolchain/bin/../lib/gcc/avr/5.4.0/avr6\libgcc.a(_exit.o)
 *(.fini0)
                0x00000526                _etext = .

.data           0x00800200       0x2a load address 0x00000526
                0x00800200                PROVIDE (__data_start, .)
 *(.data)
 *(.data*)
 *(.gnu.linkonce.d*)
 *(.rodata)
 *(.rodata*)
 .rodata.str1.1
                0x00800200       0x2a my_test.o
                                 0x37 (size before relaxing)
 *(.gnu.linkonce.r*)
                0x0080022a                . = ALIGN (0x2)
                0x0080022a                _edata = .
                0x0080022a                PROVIDE (__data_end, .)

.bss            0x0080022a        0x0
                [!provide]                PROVIDE (__bss_start, .)
 *(.bss)
 *(.bss*)
 *(COMMON)
                [!provide]                PROVIDE (__bss_end, .)
                0x00000526                __data_load_start = LOADADDR (.data)
                0x00000550                __data_load_end = (__data_load_start + SIZEOF (.data))

.noinit         0x0080022a        0x0
                [!provide]                PROVIDE (__noinit_start, .)
 *(.noinit*)
                [!provide]                PROVIDE (__noinit_end, .)
                0x0080022a                _end = .
                [!provide]                PROVIDE (__heap_start, .)

.eeprom         0x00810000        0x0
 *(.eeprom*)
                0x00810000                __eeprom_end = .

.fuse
 *(.fuse)
 *(.lfuse)
 *(.hfuse)
 *(.efuse)

.lock
 *(.lock*)

.signature
 *(.signature*)

.user_signatures
 *(.user_signatures*)

.stab
 *(.stab)

.stabstr
 *(.stabstr)

.stab.excl
 *(.stab.excl)

.stab.exclstr
 *(.stab.exclstr)

.stab.index
 *(.stab.index)

.stab.indexstr
 *(.stab.indexstr)

.comment        0x00000000       0x30
 *(.comment)
 .comment       0x00000000       0x30 adc_control.o
                                 0x31 (size before relaxing)
 .comment       0x00000030       0x31 lcd162_Partly.o
 .comment       0x00000030       0x31 my_test.o

.note.gnu.avr.deviceinfo
                0x00000000       0x40
 .note.gnu.avr.deviceinfo
                0x00000000       0x40 C:/Program Files (x86)/Atmel/Studio/7.0/Packs/atmel/ATmega_DFP/1.7.374/gcc/dev/atmega2560/avr6/crtatmega2560.o

.note.gnu.build-id
 *(.note.gnu.build-id)

.debug
 *(.debug)

.line
 *(.line)

.debug_srcinfo
 *(.debug_srcinfo)

.debug_sfnames
 *(.debug_sfnames)

.debug_aranges  0x00000000      0x110
 *(.debug_aranges)
 .debug_aranges
                0x00000000       0x30 adc_control.o
 .debug_aranges
                0x00000030       0xa8 lcd162_Partly.o
 .debug_aranges
                0x000000d8       0x38 my_test.o

.debug_pubnames
 *(.debug_pubnames)

.debug_info     0x00000000     0x1b0e
 *(.debug_info .gnu.linkonce.wi.*)
 .debug_info    0x00000000      0xbbc C:/Program Files (x86)/Atmel/Studio/7.0/Packs/atmel/ATmega_DFP/1.7.374/gcc/dev/atmega2560/avr6/crtatmega2560.o
 .debug_info    0x00000bbc       0xf9 adc_control.o
 .debug_info    0x00000cb5      0x7f0 lcd162_Partly.o
 .debug_info    0x000014a5      0x669 my_test.o

.debug_abbrev   0x00000000     0x1089
 *(.debug_abbrev)
 .debug_abbrev  0x00000000      0xb1a C:/Program Files (x86)/Atmel/Studio/7.0/Packs/atmel/ATmega_DFP/1.7.374/gcc/dev/atmega2560/avr6/crtatmega2560.o
 .debug_abbrev  0x00000b1a       0xa1 adc_control.o
 .debug_abbrev  0x00000bbb      0x2cf lcd162_Partly.o
 .debug_abbrev  0x00000e8a      0x1ff my_test.o

.debug_line     0x00000000      0xa55
 *(.debug_line .debug_line.* .debug_line_end)
 .debug_line    0x00000000      0x1fa C:/Program Files (x86)/Atmel/Studio/7.0/Packs/atmel/ATmega_DFP/1.7.374/gcc/dev/atmega2560/avr6/crtatmega2560.o
 .debug_line    0x000001fa      0x11e adc_control.o
 .debug_line    0x00000318      0x4ae lcd162_Partly.o
 .debug_line    0x000007c6      0x28f my_test.o

.debug_frame    0x00000000      0x248
 *(.debug_frame)
 .debug_frame   0x00000000       0x44 adc_control.o
 .debug_frame   0x00000044      0x17c lcd162_Partly.o
 .debug_frame   0x000001c0       0x88 my_test.o

.debug_str      0x00000000      0x773
 *(.debug_str)
 .debug_str     0x00000000      0x3e6 C:/Program Files (x86)/Atmel/Studio/7.0/Packs/atmel/ATmega_DFP/1.7.374/gcc/dev/atmega2560/avr6/crtatmega2560.o
 .debug_str     0x000003e6      0x191 adc_control.o
                                0x1c5 (size before relaxing)
 .debug_str     0x00000577      0x19a lcd162_Partly.o
                                0x320 (size before relaxing)
 .debug_str     0x00000711       0x62 my_test.o
                                0x2b3 (size before relaxing)

.debug_loc      0x00000000      0xb49
 *(.debug_loc)
 .debug_loc     0x00000000       0x28 adc_control.o
 .debug_loc     0x00000028      0x7ab lcd162_Partly.o
 .debug_loc     0x000007d3      0x376 my_test.o

.debug_macinfo
 *(.debug_macinfo)

.debug_weaknames
 *(.debug_weaknames)

.debug_funcnames
 *(.debug_funcnames)

.debug_typenames
 *(.debug_typenames)

.debug_varnames
 *(.debug_varnames)

.debug_pubtypes
 *(.debug_pubtypes)

.debug_ranges   0x00000000       0xf8
 *(.debug_ranges)
 .debug_ranges  0x00000000       0x20 adc_control.o
 .debug_ranges  0x00000020       0xb0 lcd162_Partly.o
 .debug_ranges  0x000000d0       0x28 my_test.o

.debug_macro
 *(.debug_macro)
OUTPUT(Lab3_LCD.elf elf32-avr)
LOAD linker stubs
