Archive member included to satisfy reference by file (symbol)

c:/program files (x86)/atmel/studio/7.0/toolchain/avr8/avr8-gnu-toolchain/bin/../lib/gcc/avr/5.4.0/avr6\libgcc.a(_udivmodhi4.o)
                              FreeRTOS/queue.o (__udivmodhi4)
c:/program files (x86)/atmel/studio/7.0/toolchain/avr8/avr8-gnu-toolchain/bin/../lib/gcc/avr/5.4.0/avr6\libgcc.a(_exit.o)
                              C:/Program Files (x86)/Atmel/Studio/7.0/Packs/atmel/ATmega_DFP/1.7.374/gcc/dev/atmega2560/avr6/crtatmega2560.o (exit)
c:/program files (x86)/atmel/studio/7.0/toolchain/avr8/avr8-gnu-toolchain/bin/../lib/gcc/avr/5.4.0/avr6\libgcc.a(_copy_data.o)
                              FreeRTOS/tasks.o (__do_copy_data)
c:/program files (x86)/atmel/studio/7.0/toolchain/avr8/avr8-gnu-toolchain/bin/../lib/gcc/avr/5.4.0/avr6\libgcc.a(_clear_bss.o)
                              FreeRTOS/portable/heap_1.o (__do_clear_bss)
c:/program files (x86)/atmel/studio/7.0/toolchain/avr8/avr8-gnu-toolchain/bin/../lib/gcc/avr/5.4.0/../../../../avr/lib/avr6\libc.a(memcpy.o)
                              FreeRTOS/queue.o (memcpy)

Discarded input sections

 .data          0x00000000        0x0 C:/Program Files (x86)/Atmel/Studio/7.0/Packs/atmel/ATmega_DFP/1.7.374/gcc/dev/atmega2560/avr6/crtatmega2560.o
 .bss           0x00000000        0x0 C:/Program Files (x86)/Atmel/Studio/7.0/Packs/atmel/ATmega_DFP/1.7.374/gcc/dev/atmega2560/avr6/crtatmega2560.o
 .text          0x00000000        0x0 Drivers/led.o
 .data          0x00000000        0x0 Drivers/led.o
 .bss           0x00000000        0x0 Drivers/led.o
 .text.writeAllLEDs
                0x00000000        0x4 Drivers/led.o
 .text.turnOnLED
                0x00000000       0x1e Drivers/led.o
 .text.turnOffLED
                0x00000000       0x20 Drivers/led.o
 .text          0x00000000        0x0 Drivers/switch.o
 .data          0x00000000        0x0 Drivers/switch.o
 .bss           0x00000000        0x0 Drivers/switch.o
 .text.initSwitchPort
                0x00000000        0x4 Drivers/switch.o
 .text.switchStatus
                0x00000000        0x6 Drivers/switch.o
 .text.switchOn
                0x00000000       0x1e Drivers/switch.o
 .debug_info    0x00000000       0xd4 Drivers/switch.o
 .debug_abbrev  0x00000000       0x9f Drivers/switch.o
 .debug_loc     0x00000000       0x4d Drivers/switch.o
 .debug_aranges
                0x00000000       0x30 Drivers/switch.o
 .debug_ranges  0x00000000       0x20 Drivers/switch.o
 .debug_line    0x00000000       0xf3 Drivers/switch.o
 .debug_str     0x00000000      0x1a1 Drivers/switch.o
 .comment       0x00000000       0x31 Drivers/switch.o
 .debug_frame   0x00000000       0x44 Drivers/switch.o
 .text          0x00000000        0x0 FreeRTOS/croutine.o
 .data          0x00000000        0x0 FreeRTOS/croutine.o
 .bss           0x00000000        0x0 FreeRTOS/croutine.o
 .debug_info    0x00000000       0x64 FreeRTOS/croutine.o
 .debug_abbrev  0x00000000       0x26 FreeRTOS/croutine.o
 .debug_aranges
                0x00000000       0x18 FreeRTOS/croutine.o
 .debug_line    0x00000000       0x1a FreeRTOS/croutine.o
 .debug_str     0x00000000      0x176 FreeRTOS/croutine.o
 .comment       0x00000000       0x31 FreeRTOS/croutine.o
 .text          0x00000000        0x0 FreeRTOS/event_groups.o
 .data          0x00000000        0x0 FreeRTOS/event_groups.o
 .bss           0x00000000        0x0 FreeRTOS/event_groups.o
 .text.prvTestWaitCondition
                0x00000000       0x26 FreeRTOS/event_groups.o
 .text.xEventGroupCreate
                0x00000000       0x26 FreeRTOS/event_groups.o
 .text.xEventGroupWaitBits
                0x00000000       0xe4 FreeRTOS/event_groups.o
 .text.xEventGroupClearBits
                0x00000000       0x1e FreeRTOS/event_groups.o
 .text.xEventGroupGetBitsFromISR
                0x00000000        0x8 FreeRTOS/event_groups.o
 .text.xEventGroupSetBits
                0x00000000       0xc8 FreeRTOS/event_groups.o
 .text.xEventGroupSync
                0x00000000       0xd6 FreeRTOS/event_groups.o
 .text.vEventGroupDelete
                0x00000000       0x2e FreeRTOS/event_groups.o
 .text.vEventGroupSetBitsCallback
                0x00000000        0x8 FreeRTOS/event_groups.o
 .text.vEventGroupClearBitsCallback
                0x00000000        0x8 FreeRTOS/event_groups.o
 .debug_info    0x00000000      0x8db FreeRTOS/event_groups.o
 .debug_abbrev  0x00000000      0x1dc FreeRTOS/event_groups.o
 .debug_loc     0x00000000      0xb41 FreeRTOS/event_groups.o
 .debug_aranges
                0x00000000       0x68 FreeRTOS/event_groups.o
 .debug_ranges  0x00000000       0x70 FreeRTOS/event_groups.o
 .debug_line    0x00000000      0x42c FreeRTOS/event_groups.o
 .debug_str     0x00000000      0x58a FreeRTOS/event_groups.o
 .comment       0x00000000       0x31 FreeRTOS/event_groups.o
 .debug_frame   0x00000000      0x15c FreeRTOS/event_groups.o
 .text          0x00000000        0x0 FreeRTOS/list.o
 .data          0x00000000        0x0 FreeRTOS/list.o
 .bss           0x00000000        0x0 FreeRTOS/list.o
 .text.vListInsertEnd
                0x00000000       0x42 FreeRTOS/list.o
 .text          0x00000000        0x0 FreeRTOS/portable/heap_1.o
 .data          0x00000000        0x0 FreeRTOS/portable/heap_1.o
 .bss           0x00000000        0x0 FreeRTOS/portable/heap_1.o
 .text.vPortInitialiseBlocks
                0x00000000        0xa FreeRTOS/portable/heap_1.o
 .text.xPortGetFreeHeapSize
                0x00000000       0x12 FreeRTOS/portable/heap_1.o
 .text          0x00000000        0x0 FreeRTOS/portable/port.o
 .data          0x00000000        0x0 FreeRTOS/portable/port.o
 .bss           0x00000000        0x0 FreeRTOS/portable/port.o
 .text.vPortEndScheduler
                0x00000000        0x2 FreeRTOS/portable/port.o
 .text          0x00000000        0x0 FreeRTOS/queue.o
 .data          0x00000000        0x0 FreeRTOS/queue.o
 .bss           0x00000000        0x0 FreeRTOS/queue.o
 .text.prvIsQueueEmpty
                0x00000000       0x1a FreeRTOS/queue.o
 .text.prvIsQueueFull
                0x00000000       0x1c FreeRTOS/queue.o
 .text.prvCopyDataToQueue
                0x00000000       0x92 FreeRTOS/queue.o
 .text.prvCopyDataFromQueue
                0x00000000       0x34 FreeRTOS/queue.o
 .text.prvUnlockQueue
                0x00000000       0x68 FreeRTOS/queue.o
 .text.xQueueGenericReset
                0x00000000       0xc0 FreeRTOS/queue.o
 .text.prvInitialiseNewQueue
                0x00000000       0x26 FreeRTOS/queue.o
 .text.xQueueGenericCreate
                0x00000000       0x82 FreeRTOS/queue.o
 .text.xQueueGenericSend
                0x00000000      0x124 FreeRTOS/queue.o
 .text.xQueueGenericSendFromISR
                0x00000000       0x84 FreeRTOS/queue.o
 .text.xQueueGiveFromISR
                0x00000000       0x70 FreeRTOS/queue.o
 .text.xQueueReceive
                0x00000000      0x11e FreeRTOS/queue.o
 .text.xQueueSemaphoreTake
                0x00000000      0x106 FreeRTOS/queue.o
 .text.xQueuePeek
                0x00000000      0x122 FreeRTOS/queue.o
 .text.xQueueReceiveFromISR
                0x00000000       0x7a FreeRTOS/queue.o
 .text.xQueuePeekFromISR
                0x00000000       0x2e FreeRTOS/queue.o
 .text.uxQueueMessagesWaiting
                0x00000000       0x10 FreeRTOS/queue.o
 .text.uxQueueSpacesAvailable
                0x00000000       0x16 FreeRTOS/queue.o
 .text.uxQueueMessagesWaitingFromISR
                0x00000000        0x6 FreeRTOS/queue.o
 .text.vQueueDelete
                0x00000000        0x6 FreeRTOS/queue.o
 .text.xQueueIsQueueEmptyFromISR
                0x00000000       0x10 FreeRTOS/queue.o
 .text.xQueueIsQueueFullFromISR
                0x00000000       0x12 FreeRTOS/queue.o
 .debug_info    0x00000000     0x14f8 FreeRTOS/queue.o
 .debug_abbrev  0x00000000      0x227 FreeRTOS/queue.o
 .debug_loc     0x00000000     0x18dd FreeRTOS/queue.o
 .debug_aranges
                0x00000000       0xc8 FreeRTOS/queue.o
 .debug_ranges  0x00000000      0x100 FreeRTOS/queue.o
 .debug_line    0x00000000      0xad5 FreeRTOS/queue.o
 .debug_str     0x00000000      0x79d FreeRTOS/queue.o
 .comment       0x00000000       0x31 FreeRTOS/queue.o
 .debug_frame   0x00000000      0x2fc FreeRTOS/queue.o
 .text          0x00000000        0x0 FreeRTOS/stream_buffer.o
 .data          0x00000000        0x0 FreeRTOS/stream_buffer.o
 .bss           0x00000000        0x0 FreeRTOS/stream_buffer.o
 .text.prvBytesInBuffer
                0x00000000       0x26 FreeRTOS/stream_buffer.o
 .text.prvInitialiseNewStreamBuffer
                0x00000000       0x20 FreeRTOS/stream_buffer.o
 .text.prvWriteBytesToBuffer
                0x00000000       0x88 FreeRTOS/stream_buffer.o
 .text.prvWriteMessageToBuffer
                0x00000000       0x90 FreeRTOS/stream_buffer.o
 .text.prvReadBytesFromBuffer
                0x00000000       0x88 FreeRTOS/stream_buffer.o
 .text.prvReadMessageFromBuffer
                0x00000000       0x92 FreeRTOS/stream_buffer.o
 .text.xStreamBufferGenericCreate
                0x00000000       0x80 FreeRTOS/stream_buffer.o
 .text.vStreamBufferDelete
                0x00000000       0x1a FreeRTOS/stream_buffer.o
 .text.xStreamBufferReset
                0x00000000       0x56 FreeRTOS/stream_buffer.o
 .text.xStreamBufferSetTriggerLevel
                0x00000000       0x22 FreeRTOS/stream_buffer.o
 .text.xStreamBufferSpacesAvailable
                0x00000000       0x34 FreeRTOS/stream_buffer.o
 .text.xStreamBufferBytesAvailable
                0x00000000        0x6 FreeRTOS/stream_buffer.o
 .text.xStreamBufferSend
                0x00000000      0x174 FreeRTOS/stream_buffer.o
 .text.xStreamBufferSendFromISR
                0x00000000       0x8e FreeRTOS/stream_buffer.o
 .text.xStreamBufferReceive
                0x00000000      0x102 FreeRTOS/stream_buffer.o
 .text.xStreamBufferNextMessageLengthBytes
                0x00000000       0x56 FreeRTOS/stream_buffer.o
 .text.xStreamBufferReceiveFromISR
                0x00000000       0x8a FreeRTOS/stream_buffer.o
 .text.xStreamBufferIsEmpty
                0x00000000       0x18 FreeRTOS/stream_buffer.o
 .text.xStreamBufferIsFull
                0x00000000       0x2c FreeRTOS/stream_buffer.o
 .text.xStreamBufferSendCompletedFromISR
                0x00000000       0x4c FreeRTOS/stream_buffer.o
 .text.xStreamBufferReceiveCompletedFromISR
                0x00000000       0x4c FreeRTOS/stream_buffer.o
 .debug_info    0x00000000     0x1376 FreeRTOS/stream_buffer.o
 .debug_abbrev  0x00000000      0x200 FreeRTOS/stream_buffer.o
 .debug_loc     0x00000000     0x1c9f FreeRTOS/stream_buffer.o
 .debug_aranges
                0x00000000       0xc0 FreeRTOS/stream_buffer.o
 .debug_ranges  0x00000000       0xb0 FreeRTOS/stream_buffer.o
 .debug_line    0x00000000      0x7a5 FreeRTOS/stream_buffer.o
 .debug_str     0x00000000      0x82d FreeRTOS/stream_buffer.o
 .comment       0x00000000       0x31 FreeRTOS/stream_buffer.o
 .debug_frame   0x00000000      0x41c FreeRTOS/stream_buffer.o
 .text          0x00000000        0x0 FreeRTOS/tasks.o
 .data          0x00000000        0x0 FreeRTOS/tasks.o
 .bss           0x00000000        0x0 FreeRTOS/tasks.o
 .text.prvTaskIsTaskSuspended
                0x00000000       0x2e FreeRTOS/tasks.o
 .text.vTaskResume
                0x00000000       0xcc FreeRTOS/tasks.o
 .text.xTaskResumeFromISR
                0x00000000       0xda FreeRTOS/tasks.o
 .text.vTaskEndScheduler
                0x00000000        0xc FreeRTOS/tasks.o
 .text.xTaskGetTickCount
                0x00000000       0x14 FreeRTOS/tasks.o
 .text.xTaskGetTickCountFromISR
                0x00000000        0xa FreeRTOS/tasks.o
 .text.uxTaskGetNumberOfTasks
                0x00000000        0x6 FreeRTOS/tasks.o
 .text.pcTaskGetName
                0x00000000       0x10 FreeRTOS/tasks.o
 .text.xTaskCatchUpTicks
                0x00000000       0x32 FreeRTOS/tasks.o
 .text.vTaskSuspend
                0x00000000       0xc2 FreeRTOS/tasks.o
 .text.vTaskPlaceOnEventList
                0x00000000       0x24 FreeRTOS/tasks.o
 .text.vTaskPlaceOnUnorderedEventList
                0x00000000       0x8c FreeRTOS/tasks.o
 .text.xTaskRemoveFromEventList
                0x00000000      0x17a FreeRTOS/tasks.o
 .text.vTaskRemoveFromUnorderedEventList
                0x00000000      0x14c FreeRTOS/tasks.o
 .text.vTaskSetTimeOutState
                0x00000000       0x20 FreeRTOS/tasks.o
 .text.vTaskInternalSetTimeOutState
                0x00000000       0x16 FreeRTOS/tasks.o
 .text.xTaskCheckForTimeOut
                0x00000000       0x7e FreeRTOS/tasks.o
 .text.vTaskMissedYield
                0x00000000        0x8 FreeRTOS/tasks.o
 .text.xTaskGetCurrentTaskHandle
                0x00000000        0xa FreeRTOS/tasks.o
 .text.uxTaskResetEventItemValue
                0x00000000       0x2e FreeRTOS/tasks.o
 .text.ulTaskGenericNotifyTake
                0x00000000      0x106 FreeRTOS/tasks.o
 .text.xTaskGenericNotifyWait
                0x00000000      0x142 FreeRTOS/tasks.o
 .text.xTaskGenericNotify
                0x00000000      0x20a FreeRTOS/tasks.o
 .text.xTaskGenericNotifyFromISR
                0x00000000      0x260 FreeRTOS/tasks.o
 .text.vTaskGenericNotifyGiveFromISR
                0x00000000      0x194 FreeRTOS/tasks.o
 .text.xTaskGenericNotifyStateClear
                0x00000000       0x34 FreeRTOS/tasks.o
 .text.ulTaskGenericNotifyValueClear
                0x00000000       0x6c FreeRTOS/tasks.o
 .text          0x00000000        0x0 FreeRTOS/timers.o
 .data          0x00000000        0x0 FreeRTOS/timers.o
 .bss           0x00000000        0x0 FreeRTOS/timers.o
 .debug_info    0x00000000       0x64 FreeRTOS/timers.o
 .debug_abbrev  0x00000000       0x26 FreeRTOS/timers.o
 .debug_aranges
                0x00000000       0x18 FreeRTOS/timers.o
 .debug_line    0x00000000       0x1a FreeRTOS/timers.o
 .debug_str     0x00000000      0x174 FreeRTOS/timers.o
 .comment       0x00000000       0x31 FreeRTOS/timers.o
 .text          0x00000000        0x0 main.o
 .data          0x00000000        0x0 main.o
 .bss           0x00000000        0x0 main.o
 .text          0x00000000        0x0 c:/program files (x86)/atmel/studio/7.0/toolchain/avr8/avr8-gnu-toolchain/bin/../lib/gcc/avr/5.4.0/avr6\libgcc.a(_udivmodhi4.o)
 .data          0x00000000        0x0 c:/program files (x86)/atmel/studio/7.0/toolchain/avr8/avr8-gnu-toolchain/bin/../lib/gcc/avr/5.4.0/avr6\libgcc.a(_udivmodhi4.o)
 .bss           0x00000000        0x0 c:/program files (x86)/atmel/studio/7.0/toolchain/avr8/avr8-gnu-toolchain/bin/../lib/gcc/avr/5.4.0/avr6\libgcc.a(_udivmodhi4.o)
 .text.libgcc.mul
                0x00000000        0x0 c:/program files (x86)/atmel/studio/7.0/toolchain/avr8/avr8-gnu-toolchain/bin/../lib/gcc/avr/5.4.0/avr6\libgcc.a(_udivmodhi4.o)
 .text.libgcc.div
                0x00000000       0x28 c:/program files (x86)/atmel/studio/7.0/toolchain/avr8/avr8-gnu-toolchain/bin/../lib/gcc/avr/5.4.0/avr6\libgcc.a(_udivmodhi4.o)
 .text.libgcc   0x00000000        0x0 c:/program files (x86)/atmel/studio/7.0/toolchain/avr8/avr8-gnu-toolchain/bin/../lib/gcc/avr/5.4.0/avr6\libgcc.a(_udivmodhi4.o)
 .text.libgcc.prologue
                0x00000000        0x0 c:/program files (x86)/atmel/studio/7.0/toolchain/avr8/avr8-gnu-toolchain/bin/../lib/gcc/avr/5.4.0/avr6\libgcc.a(_udivmodhi4.o)
 .text.libgcc.builtins
                0x00000000        0x0 c:/program files (x86)/atmel/studio/7.0/toolchain/avr8/avr8-gnu-toolchain/bin/../lib/gcc/avr/5.4.0/avr6\libgcc.a(_udivmodhi4.o)
 .text.libgcc.fmul
                0x00000000        0x0 c:/program files (x86)/atmel/studio/7.0/toolchain/avr8/avr8-gnu-toolchain/bin/../lib/gcc/avr/5.4.0/avr6\libgcc.a(_udivmodhi4.o)
 .text.libgcc.fixed
                0x00000000        0x0 c:/program files (x86)/atmel/studio/7.0/toolchain/avr8/avr8-gnu-toolchain/bin/../lib/gcc/avr/5.4.0/avr6\libgcc.a(_udivmodhi4.o)
 .text          0x00000000        0x0 c:/program files (x86)/atmel/studio/7.0/toolchain/avr8/avr8-gnu-toolchain/bin/../lib/gcc/avr/5.4.0/avr6\libgcc.a(_exit.o)
 .data          0x00000000        0x0 c:/program files (x86)/atmel/studio/7.0/toolchain/avr8/avr8-gnu-toolchain/bin/../lib/gcc/avr/5.4.0/avr6\libgcc.a(_exit.o)
 .bss           0x00000000        0x0 c:/program files (x86)/atmel/studio/7.0/toolchain/avr8/avr8-gnu-toolchain/bin/../lib/gcc/avr/5.4.0/avr6\libgcc.a(_exit.o)
 .text.libgcc.mul
                0x00000000        0x0 c:/program files (x86)/atmel/studio/7.0/toolchain/avr8/avr8-gnu-toolchain/bin/../lib/gcc/avr/5.4.0/avr6\libgcc.a(_exit.o)
 .text.libgcc.div
                0x00000000        0x0 c:/program files (x86)/atmel/studio/7.0/toolchain/avr8/avr8-gnu-toolchain/bin/../lib/gcc/avr/5.4.0/avr6\libgcc.a(_exit.o)
 .text.libgcc   0x00000000        0x0 c:/program files (x86)/atmel/studio/7.0/toolchain/avr8/avr8-gnu-toolchain/bin/../lib/gcc/avr/5.4.0/avr6\libgcc.a(_exit.o)
 .text.libgcc.prologue
                0x00000000        0x0 c:/program files (x86)/atmel/studio/7.0/toolchain/avr8/avr8-gnu-toolchain/bin/../lib/gcc/avr/5.4.0/avr6\libgcc.a(_exit.o)
 .text.libgcc.builtins
                0x00000000        0x0 c:/program files (x86)/atmel/studio/7.0/toolchain/avr8/avr8-gnu-toolchain/bin/../lib/gcc/avr/5.4.0/avr6\libgcc.a(_exit.o)
 .text.libgcc.fmul
                0x00000000        0x0 c:/program files (x86)/atmel/studio/7.0/toolchain/avr8/avr8-gnu-toolchain/bin/../lib/gcc/avr/5.4.0/avr6\libgcc.a(_exit.o)
 .text.libgcc.fixed
                0x00000000        0x0 c:/program files (x86)/atmel/studio/7.0/toolchain/avr8/avr8-gnu-toolchain/bin/../lib/gcc/avr/5.4.0/avr6\libgcc.a(_exit.o)
 .text          0x00000000        0x0 c:/program files (x86)/atmel/studio/7.0/toolchain/avr8/avr8-gnu-toolchain/bin/../lib/gcc/avr/5.4.0/avr6\libgcc.a(_copy_data.o)
 .data          0x00000000        0x0 c:/program files (x86)/atmel/studio/7.0/toolchain/avr8/avr8-gnu-toolchain/bin/../lib/gcc/avr/5.4.0/avr6\libgcc.a(_copy_data.o)
 .bss           0x00000000        0x0 c:/program files (x86)/atmel/studio/7.0/toolchain/avr8/avr8-gnu-toolchain/bin/../lib/gcc/avr/5.4.0/avr6\libgcc.a(_copy_data.o)
 .text.libgcc.mul
                0x00000000        0x0 c:/program files (x86)/atmel/studio/7.0/toolchain/avr8/avr8-gnu-toolchain/bin/../lib/gcc/avr/5.4.0/avr6\libgcc.a(_copy_data.o)
 .text.libgcc.div
                0x00000000        0x0 c:/program files (x86)/atmel/studio/7.0/toolchain/avr8/avr8-gnu-toolchain/bin/../lib/gcc/avr/5.4.0/avr6\libgcc.a(_copy_data.o)
 .text.libgcc   0x00000000        0x0 c:/program files (x86)/atmel/studio/7.0/toolchain/avr8/avr8-gnu-toolchain/bin/../lib/gcc/avr/5.4.0/avr6\libgcc.a(_copy_data.o)
 .text.libgcc.prologue
                0x00000000        0x0 c:/program files (x86)/atmel/studio/7.0/toolchain/avr8/avr8-gnu-toolchain/bin/../lib/gcc/avr/5.4.0/avr6\libgcc.a(_copy_data.o)
 .text.libgcc.builtins
                0x00000000        0x0 c:/program files (x86)/atmel/studio/7.0/toolchain/avr8/avr8-gnu-toolchain/bin/../lib/gcc/avr/5.4.0/avr6\libgcc.a(_copy_data.o)
 .text.libgcc.fmul
                0x00000000        0x0 c:/program files (x86)/atmel/studio/7.0/toolchain/avr8/avr8-gnu-toolchain/bin/../lib/gcc/avr/5.4.0/avr6\libgcc.a(_copy_data.o)
 .text.libgcc.fixed
                0x00000000        0x0 c:/program files (x86)/atmel/studio/7.0/toolchain/avr8/avr8-gnu-toolchain/bin/../lib/gcc/avr/5.4.0/avr6\libgcc.a(_copy_data.o)
 .text          0x00000000        0x0 c:/program files (x86)/atmel/studio/7.0/toolchain/avr8/avr8-gnu-toolchain/bin/../lib/gcc/avr/5.4.0/avr6\libgcc.a(_clear_bss.o)
 .data          0x00000000        0x0 c:/program files (x86)/atmel/studio/7.0/toolchain/avr8/avr8-gnu-toolchain/bin/../lib/gcc/avr/5.4.0/avr6\libgcc.a(_clear_bss.o)
 .bss           0x00000000        0x0 c:/program files (x86)/atmel/studio/7.0/toolchain/avr8/avr8-gnu-toolchain/bin/../lib/gcc/avr/5.4.0/avr6\libgcc.a(_clear_bss.o)
 .text.libgcc.mul
                0x00000000        0x0 c:/program files (x86)/atmel/studio/7.0/toolchain/avr8/avr8-gnu-toolchain/bin/../lib/gcc/avr/5.4.0/avr6\libgcc.a(_clear_bss.o)
 .text.libgcc.div
                0x00000000        0x0 c:/program files (x86)/atmel/studio/7.0/toolchain/avr8/avr8-gnu-toolchain/bin/../lib/gcc/avr/5.4.0/avr6\libgcc.a(_clear_bss.o)
 .text.libgcc   0x00000000        0x0 c:/program files (x86)/atmel/studio/7.0/toolchain/avr8/avr8-gnu-toolchain/bin/../lib/gcc/avr/5.4.0/avr6\libgcc.a(_clear_bss.o)
 .text.libgcc.prologue
                0x00000000        0x0 c:/program files (x86)/atmel/studio/7.0/toolchain/avr8/avr8-gnu-toolchain/bin/../lib/gcc/avr/5.4.0/avr6\libgcc.a(_clear_bss.o)
 .text.libgcc.builtins
                0x00000000        0x0 c:/program files (x86)/atmel/studio/7.0/toolchain/avr8/avr8-gnu-toolchain/bin/../lib/gcc/avr/5.4.0/avr6\libgcc.a(_clear_bss.o)
 .text.libgcc.fmul
                0x00000000        0x0 c:/program files (x86)/atmel/studio/7.0/toolchain/avr8/avr8-gnu-toolchain/bin/../lib/gcc/avr/5.4.0/avr6\libgcc.a(_clear_bss.o)
 .text.libgcc.fixed
                0x00000000        0x0 c:/program files (x86)/atmel/studio/7.0/toolchain/avr8/avr8-gnu-toolchain/bin/../lib/gcc/avr/5.4.0/avr6\libgcc.a(_clear_bss.o)
 .text          0x00000000        0x0 c:/program files (x86)/atmel/studio/7.0/toolchain/avr8/avr8-gnu-toolchain/bin/../lib/gcc/avr/5.4.0/../../../../avr/lib/avr6\libc.a(memcpy.o)
 .data          0x00000000        0x0 c:/program files (x86)/atmel/studio/7.0/toolchain/avr8/avr8-gnu-toolchain/bin/../lib/gcc/avr/5.4.0/../../../../avr/lib/avr6\libc.a(memcpy.o)
 .bss           0x00000000        0x0 c:/program files (x86)/atmel/studio/7.0/toolchain/avr8/avr8-gnu-toolchain/bin/../lib/gcc/avr/5.4.0/../../../../avr/lib/avr6\libc.a(memcpy.o)
 .text.avr-libc
                0x00000000       0x12 c:/program files (x86)/atmel/studio/7.0/toolchain/avr8/avr8-gnu-toolchain/bin/../lib/gcc/avr/5.4.0/../../../../avr/lib/avr6\libc.a(memcpy.o)

Memory Configuration

Name             Origin             Length             Attributes
text             0x00000000         0x00040000         xr
data             0x00800200         0x00002000         rw !x
eeprom           0x00810000         0x00001000         rw !x
fuse             0x00820000         0x00000003         rw !x
lock             0x00830000         0x00000400         rw !x
signature        0x00840000         0x00000400         rw !x
user_signatures  0x00850000         0x00000400         rw !x
*default*        0x00000000         0xffffffff

Linker script and memory map

Address of section .data set to 0x800200
LOAD C:/Program Files (x86)/Atmel/Studio/7.0/Packs/atmel/ATmega_DFP/1.7.374/gcc/dev/atmega2560/avr6/crtatmega2560.o
LOAD Drivers/led.o
LOAD Drivers/switch.o
LOAD FreeRTOS/croutine.o
LOAD FreeRTOS/event_groups.o
LOAD FreeRTOS/list.o
LOAD FreeRTOS/portable/heap_1.o
LOAD FreeRTOS/portable/port.o
LOAD FreeRTOS/queue.o
LOAD FreeRTOS/stream_buffer.o
LOAD FreeRTOS/tasks.o
LOAD FreeRTOS/timers.o
LOAD main.o
START GROUP
LOAD c:/program files (x86)/atmel/studio/7.0/toolchain/avr8/avr8-gnu-toolchain/bin/../lib/gcc/avr/5.4.0/../../../../avr/lib/avr6\libm.a
END GROUP
START GROUP
LOAD c:/program files (x86)/atmel/studio/7.0/toolchain/avr8/avr8-gnu-toolchain/bin/../lib/gcc/avr/5.4.0/avr6\libgcc.a
LOAD c:/program files (x86)/atmel/studio/7.0/toolchain/avr8/avr8-gnu-toolchain/bin/../lib/gcc/avr/5.4.0/../../../../avr/lib/avr6\libm.a
LOAD c:/program files (x86)/atmel/studio/7.0/toolchain/avr8/avr8-gnu-toolchain/bin/../lib/gcc/avr/5.4.0/../../../../avr/lib/avr6\libc.a
LOAD C:/Program Files (x86)/Atmel/Studio/7.0/Packs/atmel/ATmega_DFP/1.7.374/gcc/dev/atmega2560/avr6\libatmega2560.a
END GROUP
                0x00000000                __TEXT_REGION_ORIGIN__ = DEFINED (__TEXT_REGION_ORIGIN__)?__TEXT_REGION_ORIGIN__:0x0
                [0x00800200]                __DATA_REGION_ORIGIN__ = DEFINED (__DATA_REGION_ORIGIN__)?__DATA_REGION_ORIGIN__:0x800200
                [0x00040000]                __TEXT_REGION_LENGTH__ = DEFINED (__TEXT_REGION_LENGTH__)?__TEXT_REGION_LENGTH__:0x100000
                [0x00002000]                __DATA_REGION_LENGTH__ = DEFINED (__DATA_REGION_LENGTH__)?__DATA_REGION_LENGTH__:0xfe00
                [0x00001000]                __EEPROM_REGION_LENGTH__ = DEFINED (__EEPROM_REGION_LENGTH__)?__EEPROM_REGION_LENGTH__:0x10000
                [0x00000003]                __FUSE_REGION_LENGTH__ = DEFINED (__FUSE_REGION_LENGTH__)?__FUSE_REGION_LENGTH__:0x400
                0x00000400                __LOCK_REGION_LENGTH__ = DEFINED (__LOCK_REGION_LENGTH__)?__LOCK_REGION_LENGTH__:0x400
                0x00000400                __SIGNATURE_REGION_LENGTH__ = DEFINED (__SIGNATURE_REGION_LENGTH__)?__SIGNATURE_REGION_LENGTH__:0x400
                0x00000400                __USER_SIGNATURE_REGION_LENGTH__ = DEFINED (__USER_SIGNATURE_REGION_LENGTH__)?__USER_SIGNATURE_REGION_LENGTH__:0x400

.hash
 *(.hash)

.dynsym
 *(.dynsym)

.dynstr
 *(.dynstr)

.gnu.version
 *(.gnu.version)

.gnu.version_d
 *(.gnu.version_d)

.gnu.version_r
 *(.gnu.version_r)

.rel.init
 *(.rel.init)

.rela.init
 *(.rela.init)

.rel.text
 *(.rel.text)
 *(.rel.text.*)
 *(.rel.gnu.linkonce.t*)

.rela.text
 *(.rela.text)
 *(.rela.text.*)
 *(.rela.gnu.linkonce.t*)

.rel.fini
 *(.rel.fini)

.rela.fini
 *(.rela.fini)

.rel.rodata
 *(.rel.rodata)
 *(.rel.rodata.*)
 *(.rel.gnu.linkonce.r*)

.rela.rodata
 *(.rela.rodata)
 *(.rela.rodata.*)
 *(.rela.gnu.linkonce.r*)

.rel.data
 *(.rel.data)
 *(.rel.data.*)
 *(.rel.gnu.linkonce.d*)

.rela.data
 *(.rela.data)
 *(.rela.data.*)
 *(.rela.gnu.linkonce.d*)

.rel.ctors
 *(.rel.ctors)

.rela.ctors
 *(.rela.ctors)

.rel.dtors
 *(.rel.dtors)

.rela.dtors
 *(.rela.dtors)

.rel.got
 *(.rel.got)

.rela.got
 *(.rela.got)

.rel.bss
 *(.rel.bss)

.rela.bss
 *(.rela.bss)

.rel.plt
 *(.rel.plt)

.rela.plt
 *(.rela.plt)

.text           0x00000000      0xef2
 *(.vectors)
 .vectors       0x00000000       0xe4 C:/Program Files (x86)/Atmel/Studio/7.0/Packs/atmel/ATmega_DFP/1.7.374/gcc/dev/atmega2560/avr6/crtatmega2560.o
                0x00000000                __vector_default
                0x00000000                __vectors
 *(.vectors)
 *(.progmem.gcc*)
                0x000000e4                . = ALIGN (0x2)
                0x000000e4                __trampolines_start = .
 *(.trampolines)
 .trampolines   0x000000e4        0x0 linker stubs
 *(.trampolines*)
                0x000000e4                __trampolines_end = .
 *libprintf_flt.a:*(.progmem.data)
 *libc.a:*(.progmem.data)
 *(.progmem*)
                0x000000e4                . = ALIGN (0x2)
 *(.jumptables)
 *(.jumptables*)
 *(.lowtext)
 *(.lowtext*)
                0x000000e4                __ctors_start = .
 *(.ctors)
                0x000000e4                __ctors_end = .
                0x000000e4                __dtors_start = .
 *(.dtors)
                0x000000e4                __dtors_end = .
 SORT(*)(.ctors)
 SORT(*)(.dtors)
 *(.init0)
 .init0         0x000000e4        0x0 C:/Program Files (x86)/Atmel/Studio/7.0/Packs/atmel/ATmega_DFP/1.7.374/gcc/dev/atmega2560/avr6/crtatmega2560.o
                0x000000e4                __init
 *(.init0)
 *(.init1)
 *(.init1)
 *(.init2)
 .init2         0x000000e4       0x10 C:/Program Files (x86)/Atmel/Studio/7.0/Packs/atmel/ATmega_DFP/1.7.374/gcc/dev/atmega2560/avr6/crtatmega2560.o
 *(.init2)
 *(.init3)
 *(.init3)
 *(.init4)
 .init4         0x000000f4       0x1a c:/program files (x86)/atmel/studio/7.0/toolchain/avr8/avr8-gnu-toolchain/bin/../lib/gcc/avr/5.4.0/avr6\libgcc.a(_copy_data.o)
                0x000000f4                __do_copy_data
 .init4         0x0000010e       0x10 c:/program files (x86)/atmel/studio/7.0/toolchain/avr8/avr8-gnu-toolchain/bin/../lib/gcc/avr/5.4.0/avr6\libgcc.a(_clear_bss.o)
                0x0000010e                __do_clear_bss
 *(.init4)
 *(.init5)
 *(.init5)
 *(.init6)
 *(.init6)
 *(.init7)
 *(.init7)
 *(.init8)
 *(.init8)
 *(.init9)
 .init9         0x0000011e        0x4 C:/Program Files (x86)/Atmel/Studio/7.0/Packs/atmel/ATmega_DFP/1.7.374/gcc/dev/atmega2560/avr6/crtatmega2560.o
 *(.init9)
 *(.text)
 .text          0x00000122        0x2 C:/Program Files (x86)/Atmel/Studio/7.0/Packs/atmel/ATmega_DFP/1.7.374/gcc/dev/atmega2560/avr6/crtatmega2560.o
                0x00000122                __vector_38
                0x00000122                __vector_22
                0x00000122                __vector_28
                0x00000122                __vector_1
                0x00000122                __vector_32
                0x00000122                __vector_34
                0x00000122                __vector_24
                0x00000122                __vector_12
                0x00000122                __vector_55
                0x00000122                __vector_46
                0x00000122                __bad_interrupt
                0x00000122                __vector_6
                0x00000122                __vector_31
                0x00000122                __vector_35
                0x00000122                __vector_39
                0x00000122                __vector_3
                0x00000122                __vector_23
                0x00000122                __vector_30
                0x00000122                __vector_45
                0x00000122                __vector_25
                0x00000122                __vector_11
                0x00000122                __vector_54
                0x00000122                __vector_13
                0x00000122                __vector_17
                0x00000122                __vector_19
                0x00000122                __vector_56
                0x00000122                __vector_7
                0x00000122                __vector_49
                0x00000122                __vector_41
                0x00000122                __vector_43
                0x00000122                __vector_27
                0x00000122                __vector_5
                0x00000122                __vector_33
                0x00000122                __vector_52
                0x00000122                __vector_37
                0x00000122                __vector_4
                0x00000122                __vector_44
                0x00000122                __vector_51
                0x00000122                __vector_9
                0x00000122                __vector_2
                0x00000122                __vector_21
                0x00000122                __vector_15
                0x00000122                __vector_36
                0x00000122                __vector_29
                0x00000122                __vector_40
                0x00000122                __vector_8
                0x00000122                __vector_26
                0x00000122                __vector_48
                0x00000122                __vector_14
                0x00000122                __vector_53
                0x00000122                __vector_10
                0x00000122                __vector_50
                0x00000122                __vector_16
                0x00000122                __vector_18
                0x00000122                __vector_20
                0x00000122                __vector_42
                0x00000124                . = ALIGN (0x2)
 *(.text.*)
 .text.initLEDport
                0x00000124        0x8 Drivers/led.o
                0x00000124                initLEDport
 .text.toggleLED
                0x0000012c       0x1e Drivers/led.o
                0x0000012c                toggleLED
 .text.vListInitialise
                0x0000014a       0x1c FreeRTOS/list.o
                0x0000014a                vListInitialise
 .text.vListInitialiseItem
                0x00000166        0x8 FreeRTOS/list.o
                0x00000166                vListInitialiseItem
 .text.vListInsert
                0x0000016e       0x62 FreeRTOS/list.o
                0x0000016e                vListInsert
 .text.uxListRemove
                0x000001d0       0x4e FreeRTOS/list.o
                0x000001d0                uxListRemove
 .text.pvPortMalloc
                0x0000021e       0x70 FreeRTOS/portable/heap_1.o
                0x0000021e                pvPortMalloc
 .text.vPortFree
                0x0000028e        0x2 FreeRTOS/portable/heap_1.o
                0x0000028e                vPortFree
 .text.prvSetupTimerInterrupt
                0x00000290       0x1c FreeRTOS/portable/port.o
 .text.pxPortInitialiseStack
                0x000002ac       0xe4 FreeRTOS/portable/port.o
                0x000002ac                pxPortInitialiseStack
 .text.xPortStartScheduler
                0x00000390       0x64 FreeRTOS/portable/port.o
                0x00000390                xPortStartScheduler
 .text.vPortYield
                0x000003f4       0xc0 FreeRTOS/portable/port.o
                0x000003f4                vPortYield
 .text.vPortYieldFromTick
                0x000004b4       0xc4 FreeRTOS/portable/port.o
                0x000004b4                vPortYieldFromTick
 .text.__vector_47
                0x00000578        0x4 FreeRTOS/portable/port.o
                0x00000578                __vector_47
 .text.prvResetNextTaskUnblockTime
                0x0000057c       0x38 FreeRTOS/tasks.o
 .text.prvInitialiseNewTask
                0x000005b4       0xcc FreeRTOS/tasks.o
 .text.prvInitialiseTaskLists
                0x00000680       0x5c FreeRTOS/tasks.o
 .text.prvAddNewTaskToReadyList
                0x000006dc       0xf6 FreeRTOS/tasks.o
 .text.prvAddCurrentTaskToDelayedList
                0x000007d2       0xfc FreeRTOS/tasks.o
 .text.prvIdleTask
                0x000008ce        0xe FreeRTOS/tasks.o
 .text.xTaskCreate
                0x000008dc       0xa8 FreeRTOS/tasks.o
                0x000008dc                xTaskCreate
 .text.vTaskStartScheduler
                0x00000984       0x54 FreeRTOS/tasks.o
                0x00000984                vTaskStartScheduler
 .text.vTaskSuspendAll
                0x000009d8        0xc FreeRTOS/tasks.o
                0x000009d8                vTaskSuspendAll
 .text.xTaskIncrementTick
                0x000009e4      0x232 FreeRTOS/tasks.o
                0x000009e4                xTaskIncrementTick
 .text.xTaskResumeAll
                0x00000c16      0x1a4 FreeRTOS/tasks.o
                0x00000c16                xTaskResumeAll
 .text.vTaskDelay
                0x00000dba       0x24 FreeRTOS/tasks.o
                0x00000dba                vTaskDelay
 .text.vTaskSwitchContext
                0x00000dde       0xa8 FreeRTOS/tasks.o
                0x00000dde                vTaskSwitchContext
 .text.vLEDFlashTask1
                0x00000e86        0xc main.o
                0x00000e86                vLEDFlashTask1
 .text.vLEDFlashTask2
                0x00000e92        0xc main.o
                0x00000e92                vLEDFlashTask2
 .text.vLEDFlashTask3
                0x00000e9e        0xc main.o
                0x00000e9e                vLEDFlashTask3
 .text.vApplicationIdleHook
                0x00000eaa        0x2 main.o
                0x00000eaa                vApplicationIdleHook
 .text.main     0x00000eac       0x42 main.o
                0x00000eac                main
                0x00000eee                . = ALIGN (0x2)
 *(.fini9)
 .fini9         0x00000eee        0x0 c:/program files (x86)/atmel/studio/7.0/toolchain/avr8/avr8-gnu-toolchain/bin/../lib/gcc/avr/5.4.0/avr6\libgcc.a(_exit.o)
                0x00000eee                _exit
                0x00000eee                exit
 *(.fini9)
 *(.fini8)
 *(.fini8)
 *(.fini7)
 *(.fini7)
 *(.fini6)
 *(.fini6)
 *(.fini5)
 *(.fini5)
 *(.fini4)
 *(.fini4)
 *(.fini3)
 *(.fini3)
 *(.fini2)
 *(.fini2)
 *(.fini1)
 *(.fini1)
 *(.fini0)
 .fini0         0x00000eee        0x4 c:/program files (x86)/atmel/studio/7.0/toolchain/avr8/avr8-gnu-toolchain/bin/../lib/gcc/avr/5.4.0/avr6\libgcc.a(_exit.o)
 *(.fini0)
                0x00000ef2                _etext = .

.data           0x00800200       0x16 load address 0x00000ef2
                0x00800200                PROVIDE (__data_start, .)
 *(.data)
 *(.data*)
 .data.uxTopUsedPriority
                0x00800200        0x1 FreeRTOS/tasks.o
                0x00800200                uxTopUsedPriority
 *(.gnu.linkonce.d*)
 *(.rodata)
 *(.rodata*)
 .rodata.str1.1
                0x00800201        0x5 FreeRTOS/tasks.o
 .rodata.str1.1
                0x00800206        0xf main.o
 *(.gnu.linkonce.r*)
                0x00800216                . = ALIGN (0x2)
 *fill*         0x00800215        0x1 
                0x00800216                _edata = .
                0x00800216                PROVIDE (__data_end, .)

.bss            0x00800216      0x63d
                0x00800216                PROVIDE (__bss_start, .)
 *(.bss)
 *(.bss*)
 .bss.pucAlignedHeap.2113
                0x00800216        0x2 FreeRTOS/portable/heap_1.o
 .bss.xNextFreeByte
                0x00800218        0x2 FreeRTOS/portable/heap_1.o
 .bss.ucHeap    0x0080021a      0x5dc FreeRTOS/portable/heap_1.o
 .bss.uxSchedulerSuspended
                0x008007f6        0x1 FreeRTOS/tasks.o
 .bss.xIdleTaskHandle
                0x008007f7        0x2 FreeRTOS/tasks.o
 .bss.xNextTaskUnblockTime
                0x008007f9        0x2 FreeRTOS/tasks.o
 .bss.uxTaskNumber
                0x008007fb        0x1 FreeRTOS/tasks.o
 .bss.xNumOfOverflows
                0x008007fc        0x1 FreeRTOS/tasks.o
 .bss.xYieldPending
                0x008007fd        0x1 FreeRTOS/tasks.o
 .bss.xPendedTicks
                0x008007fe        0x2 FreeRTOS/tasks.o
 .bss.xSchedulerRunning
                0x00800800        0x1 FreeRTOS/tasks.o
 .bss.uxTopReadyPriority
                0x00800801        0x1 FreeRTOS/tasks.o
 .bss.xTickCount
                0x00800802        0x2 FreeRTOS/tasks.o
 .bss.uxCurrentNumberOfTasks
                0x00800804        0x1 FreeRTOS/tasks.o
 .bss.xSuspendedTaskList
                0x00800805        0x9 FreeRTOS/tasks.o
 .bss.xPendingReadyList
                0x0080080e        0x9 FreeRTOS/tasks.o
 .bss.pxOverflowDelayedTaskList
                0x00800817        0x2 FreeRTOS/tasks.o
 .bss.pxDelayedTaskList
                0x00800819        0x2 FreeRTOS/tasks.o
 .bss.xDelayedTaskList2
                0x0080081b        0x9 FreeRTOS/tasks.o
 .bss.xDelayedTaskList1
                0x00800824        0x9 FreeRTOS/tasks.o
 .bss.pxReadyTasksLists
                0x0080082d       0x24 FreeRTOS/tasks.o
 .bss.pxCurrentTCB
                0x00800851        0x2 FreeRTOS/tasks.o
                0x00800851                pxCurrentTCB
 *(COMMON)
                0x00800853                PROVIDE (__bss_end, .)
                0x00000ef2                __data_load_start = LOADADDR (.data)
                0x00000f08                __data_load_end = (__data_load_start + SIZEOF (.data))

.noinit         0x00800853        0x0
                [!provide]                PROVIDE (__noinit_start, .)
 *(.noinit*)
                [!provide]                PROVIDE (__noinit_end, .)
                0x00800853                _end = .
                [!provide]                PROVIDE (__heap_start, .)

.eeprom         0x00810000        0x0
 *(.eeprom*)
                0x00810000                __eeprom_end = .

.fuse
 *(.fuse)
 *(.lfuse)
 *(.hfuse)
 *(.efuse)

.lock
 *(.lock*)

.signature
 *(.signature*)

.user_signatures
 *(.user_signatures*)

.stab
 *(.stab)

.stabstr
 *(.stabstr)

.stab.excl
 *(.stab.excl)

.stab.exclstr
 *(.stab.exclstr)

.stab.index
 *(.stab.index)

.stab.indexstr
 *(.stab.indexstr)

.comment        0x00000000       0x30
 *(.comment)
 .comment       0x00000000       0x30 Drivers/led.o
                                 0x31 (size before relaxing)
 .comment       0x00000030       0x31 FreeRTOS/list.o
 .comment       0x00000030       0x31 FreeRTOS/portable/heap_1.o
 .comment       0x00000030       0x31 FreeRTOS/portable/port.o
 .comment       0x00000030       0x31 FreeRTOS/tasks.o
 .comment       0x00000030       0x31 main.o

.note.gnu.avr.deviceinfo
                0x00000000       0x40
 .note.gnu.avr.deviceinfo
                0x00000000       0x40 C:/Program Files (x86)/Atmel/Studio/7.0/Packs/atmel/ATmega_DFP/1.7.374/gcc/dev/atmega2560/avr6/crtatmega2560.o

.note.gnu.build-id
 *(.note.gnu.build-id)

.debug
 *(.debug)

.line
 *(.line)

.debug_srcinfo
 *(.debug_srcinfo)

.debug_sfnames
 *(.debug_sfnames)

.debug_aranges  0x00000000      0x2a0
 *(.debug_aranges)
 .debug_aranges
                0x00000000       0x40 Drivers/led.o
 .debug_aranges
                0x00000040       0x40 FreeRTOS/list.o
 .debug_aranges
                0x00000080       0x38 FreeRTOS/portable/heap_1.o
 .debug_aranges
                0x000000b8       0x50 FreeRTOS/portable/port.o
 .debug_aranges
                0x00000108      0x158 FreeRTOS/tasks.o
 .debug_aranges
                0x00000260       0x40 main.o

.debug_pubnames
 *(.debug_pubnames)

.debug_info     0x00000000     0x3170
 *(.debug_info .gnu.linkonce.wi.*)
 .debug_info    0x00000000      0xbbc C:/Program Files (x86)/Atmel/Studio/7.0/Packs/atmel/ATmega_DFP/1.7.374/gcc/dev/atmega2560/avr6/crtatmega2560.o
 .debug_info    0x00000bbc      0x151 Drivers/led.o
 .debug_info    0x00000d0d      0x2d8 FreeRTOS/list.o
 .debug_info    0x00000fe5      0x1a4 FreeRTOS/portable/heap_1.o
 .debug_info    0x00001189      0x23f FreeRTOS/portable/port.o
 .debug_info    0x000013c8     0x1a71 FreeRTOS/tasks.o
 .debug_info    0x00002e39      0x337 main.o

.debug_abbrev   0x00000000     0x12e6
 *(.debug_abbrev)
 .debug_abbrev  0x00000000      0xb1a C:/Program Files (x86)/Atmel/Studio/7.0/Packs/atmel/ATmega_DFP/1.7.374/gcc/dev/atmega2560/avr6/crtatmega2560.o
 .debug_abbrev  0x00000b1a       0xae Drivers/led.o
 .debug_abbrev  0x00000bc8       0xff FreeRTOS/list.o
 .debug_abbrev  0x00000cc7      0x11c FreeRTOS/portable/heap_1.o
 .debug_abbrev  0x00000de3      0x143 FreeRTOS/portable/port.o
 .debug_abbrev  0x00000f26      0x2b6 FreeRTOS/tasks.o
 .debug_abbrev  0x000011dc      0x10a main.o

.debug_line     0x00000000     0x1b7f
 *(.debug_line .debug_line.* .debug_line_end)
 .debug_line    0x00000000      0x1fa C:/Program Files (x86)/Atmel/Studio/7.0/Packs/atmel/ATmega_DFP/1.7.374/gcc/dev/atmega2560/avr6/crtatmega2560.o
 .debug_line    0x000001fa      0x128 Drivers/led.o
 .debug_line    0x00000322      0x200 FreeRTOS/list.o
 .debug_line    0x00000522      0x1d1 FreeRTOS/portable/heap_1.o
 .debug_line    0x000006f3      0x2d3 FreeRTOS/portable/port.o
 .debug_line    0x000009c6     0x102e FreeRTOS/tasks.o
 .debug_line    0x000019f4      0x18b main.o

.debug_frame    0x00000000      0x760
 *(.debug_frame)
 .debug_frame   0x00000000       0x64 Drivers/led.o
 .debug_frame   0x00000064       0x88 FreeRTOS/list.o
 .debug_frame   0x000000ec       0x60 FreeRTOS/portable/heap_1.o
 .debug_frame   0x0000014c       0x84 FreeRTOS/portable/port.o
 .debug_frame   0x000001d0      0x52c FreeRTOS/tasks.o
 .debug_frame   0x000006fc       0x64 main.o

.debug_str      0x00000000     0x11b8
 *(.debug_str)
 .debug_str     0x00000000      0x3e6 C:/Program Files (x86)/Atmel/Studio/7.0/Packs/atmel/ATmega_DFP/1.7.374/gcc/dev/atmega2560/avr6/crtatmega2560.o
 .debug_str     0x000003e6      0x182 Drivers/led.o
                                0x1b6 (size before relaxing)
 .debug_str     0x00000568      0x159 FreeRTOS/list.o
                                0x2b5 (size before relaxing)
 .debug_str     0x000006c1       0xbf FreeRTOS/portable/heap_1.o
                                0x22f (size before relaxing)
 .debug_str     0x00000780      0x130 FreeRTOS/portable/port.o
                                0x2b6 (size before relaxing)
 .debug_str     0x000008b0      0x8c3 FreeRTOS/tasks.o
                                0xc33 (size before relaxing)
 .debug_str     0x00001173       0x45 main.o
                                0x227 (size before relaxing)

.debug_loc      0x00000000     0x23c3
 *(.debug_loc)
 .debug_loc     0x00000000       0x9c Drivers/led.o
 .debug_loc     0x0000009c      0x145 FreeRTOS/list.o
 .debug_loc     0x000001e1      0x10f FreeRTOS/portable/heap_1.o
 .debug_loc     0x000002f0      0x2c7 FreeRTOS/portable/port.o
 .debug_loc     0x000005b7     0x1e0c FreeRTOS/tasks.o

.debug_macinfo
 *(.debug_macinfo)

.debug_weaknames
 *(.debug_weaknames)

.debug_funcnames
 *(.debug_funcnames)

.debug_typenames
 *(.debug_typenames)

.debug_varnames
 *(.debug_varnames)

.debug_pubtypes
 *(.debug_pubtypes)

.debug_ranges   0x00000000      0x260
 *(.debug_ranges)
 .debug_ranges  0x00000000       0x30 Drivers/led.o
 .debug_ranges  0x00000030       0x30 FreeRTOS/list.o
 .debug_ranges  0x00000060       0x28 FreeRTOS/portable/heap_1.o
 .debug_ranges  0x00000088       0x40 FreeRTOS/portable/port.o
 .debug_ranges  0x000000c8      0x168 FreeRTOS/tasks.o
 .debug_ranges  0x00000230       0x30 main.o

.debug_macro
 *(.debug_macro)
OUTPUT(RTOS_MA1.elf elf32-avr)
LOAD linker stubs
